#
# There is insufficient memory for the Java Runtime Environment to continue.
# Native memory allocation (malloc) failed to allocate 121040 bytes. Error detail: Chunk::new
# Possible reasons:
#   The system is out of physical RAM or swap space
#   This process is running with CompressedOops enabled, and the Java Heap may be blocking the growth of the native heap
# Possible solutions:
#   Reduce memory load on the system
#   Increase physical memory or swap space
#   Check if swap backing store is full
#   Decrease Java heap size (-Xmx/-Xms)
#   Decrease number of Java threads
#   Decrease Java thread stack sizes (-Xss)
#   Set larger code cache with -XX:ReservedCodeCacheSize=
#   JVM is running with Unscaled Compressed Oops mode in which the Java heap is
#     placed in the first 4GB address space. The Java Heap base address is the
#     maximum limit for the native heap growth. Please use -XX:HeapBaseMinAddress
#     to set the Java Heap base and to place the Java Heap above 4GB virtual address.
# This output file may be truncated or incomplete.
#
#  Out of Memory Error (arena.cpp:150), pid=13224, tid=2308
#
# JRE version: OpenJDK Runtime Environment (22.0.1+8) (build 22.0.1+8-16)
# Java VM: OpenJDK 64-Bit Server VM (22.0.1+8-16, mixed mode, sharing, tiered, compressed oops, compressed class ptrs, g1 gc, windows-amd64)
# No core dump will be written. Minidumps are not enabled by default on client versions of Windows
#

---------------  S U M M A R Y ------------

Command Line: com.bookstore.BookstoreApplication

Host: 11th Gen Intel(R) Core(TM) i5-1135G7 @ 2.40GHz, 8 cores, 7G,  Windows 11 , 64 bit Build 26100 (10.0.26100.9549)
Time: Fri Oct  9 12:51:09 2026 Sri Lanka Standard Time elapsed time: 5163.327664 seconds (0d 1h 26m 3s)

---------------  T H R E A D  ---------------

Current thread (0x000001faab5176d0):  JavaThread "C2 CompilerThread0" daemon [_thread_in_native, id=2308, stack(0x000000ab44f00000,0x000000ab45000000) (1024K)]


Current CompileTask:
C2:5163329 7930       4       org.springframework.core.annotation.AnnotationsScanner::getDeclaredAnnotations (167 bytes)

Stack: [0x000000ab44f00000,0x000000ab45000000]
Native frames: (J=compiled Java code, j=interpreted, Vv=VM code, C=native code)
V  [jvm.dll+0x6e2279]  (no source info available)
V  [jvm.dll+0x874e33]  (no source info available)
V  [jvm.dll+0x87725e]  (no source info available)
V  [jvm.dll+0x877933]  (no source info available)
V  [jvm.dll+0x27fd76]  (no source info available)
V  [jvm.dll+0xc3d0f]  (no source info available)
V  [jvm.dll+0xc3f6b]  (no source info available)
V  [jvm.dll+0x1d78af]  (no source info available)
V  [jvm.dll+0x6729d5]  (no source info available)
V  [jvm.dll+0x670ee5]  (no source info available)
V  [jvm.dll+0x247797]  (no source info available)
V  [jvm.dll+0x246fbf]  (no source info available)
V  [jvm.dll+0x1c4e90]  (no source info available)
V  [jvm.dll+0x2569fe]  (no source info available)
V  [jvm.dll+0x254cba]  (no source info available)
V  [jvm.dll+0x3f5336]  (no source info available)
V  [jvm.dll+0x81d44b]  (no source info available)
V  [jvm.dll+0x6e0915]  (no source info available)
C  [ucrtbase.dll+0x2cd30]  (no source info available)
C  [KERNEL32.DLL+0x2cdf7]  (no source info available)
C  [ntdll.dll+0x7ee4c]  (no source info available)


---------------  P R O C E S S  ---------------

Threads class SMR info:
_java_thread_list=0x000001faf27340c0, length=18, elements={
0x000001faab50b0b0, 0x000001faab50bd10, 0x000001faab5137d0, 0x000001faab514bf0,
0x000001faab515870, 0x000001faab516850, 0x000001faab5176d0, 0x000001faab51ba30,
0x000001faabc2b0e0, 0x000001faabc35730, 0x000001faf30e2ad0, 0x000001faf30e1720,
0x000001faf30e3e80, 0x000001faf224bf90, 0x000001faf30e3160, 0x000001faf30e4510,
0x000001faf30e1db0, 0x000001faf2249ec0
}

Java Threads: ( => current thread )
  0x000001faab50b0b0 JavaThread "Reference Handler"          daemon [_thread_blocked, id=25588, stack(0x000000ab44900000,0x000000ab44a00000) (1024K)]
  0x000001faab50bd10 JavaThread "Finalizer"                  daemon [_thread_blocked, id=13080, stack(0x000000ab44a00000,0x000000ab44b00000) (1024K)]
  0x000001faab5137d0 JavaThread "Signal Dispatcher"          daemon [_thread_blocked, id=12828, stack(0x000000ab44b00000,0x000000ab44c00000) (1024K)]
  0x000001faab514bf0 JavaThread "Attach Listener"            daemon [_thread_blocked, id=24228, stack(0x000000ab44c00000,0x000000ab44d00000) (1024K)]
  0x000001faab515870 JavaThread "Service Thread"             daemon [_thread_blocked, id=17512, stack(0x000000ab44d00000,0x000000ab44e00000) (1024K)]
  0x000001faab516850 JavaThread "Monitor Deflation Thread"   daemon [_thread_blocked, id=6896, stack(0x000000ab44e00000,0x000000ab44f00000) (1024K)]
=>0x000001faab5176d0 JavaThread "C2 CompilerThread0"         daemon [_thread_in_native, id=2308, stack(0x000000ab44f00000,0x000000ab45000000) (1024K)]
  0x000001faab51ba30 JavaThread "C1 CompilerThread0"         daemon [_thread_blocked, id=18428, stack(0x000000ab45000000,0x000000ab45100000) (1024K)]
  0x000001faabc2b0e0 JavaThread "Notification Thread"        daemon [_thread_blocked, id=24952, stack(0x000000ab45100000,0x000000ab45200000) (1024K)]
  0x000001faabc35730 JavaThread "Common-Cleaner"             daemon [_thread_blocked, id=15324, stack(0x000000ab45200000,0x000000ab45300000) (1024K)]
  0x000001faf30e2ad0 JavaThread "DestroyJavaVM"                     [_thread_blocked, id=4836, stack(0x000000ab44100000,0x000000ab44200000) (1024K)]
  0x000001faf30e1720 JavaThread "File Watcher"               daemon [_thread_blocked, id=11728, stack(0x000000ab45300000,0x000000ab45400000) (1024K)]
  0x000001faf30e3e80 JavaThread "File Watcher"               daemon [_thread_blocked, id=14060, stack(0x000000ab45500000,0x000000ab45600000) (1024K)]
  0x000001faf224bf90 JavaThread "File Watcher"               daemon [_thread_blocked, id=15540, stack(0x000000ab44000000,0x000000ab44100000) (1024K)]
  0x000001faf30e3160 JavaThread "Catalina-utility-1"                [_thread_blocked, id=19720, stack(0x000000ab46000000,0x000000ab46100000) (1024K)]
  0x000001faf30e4510 JavaThread "Catalina-utility-2"                [_thread_blocked, id=23952, stack(0x000000ab46100000,0x000000ab46200000) (1024K)]
  0x000001faf30e1db0 JavaThread "container-3"                       [_thread_blocked, id=11904, stack(0x000000ab46200000,0x000000ab46300000) (1024K)]
  0x000001faf2249ec0 JavaThread "Thread-24"                         [_thread_in_Java, id=3916, stack(0x000000ab43f00000,0x000000ab44000000) (1024K)]
Total: 18

Other Threads:
  0x000001faab4f0d50 VMThread "VM Thread"                           [id=20660, stack(0x000000ab44800000,0x000000ab44900000) (1024K)]
  0x000001faab4d50d0 WatcherThread "VM Periodic Task Thread"        [id=22720, stack(0x000000ab44700000,0x000000ab44800000) (1024K)]
  0x000001fa8d20c590 WorkerThread "GC Thread#0"                     [id=22992, stack(0x000000ab44200000,0x000000ab44300000) (1024K)]
  0x000001faf19fea40 WorkerThread "GC Thread#1"                     [id=17576, stack(0x000000ab45700000,0x000000ab45800000) (1024K)]
  0x000001faf19fedf0 WorkerThread "GC Thread#2"                     [id=24000, stack(0x000000ab45800000,0x000000ab45900000) (1024K)]
  0x000001faf1777f30 WorkerThread "GC Thread#3"                     [id=20876, stack(0x000000ab45900000,0x000000ab45a00000) (1024K)]
  0x000001faf17782e0 WorkerThread "GC Thread#4"                     [id=22460, stack(0x000000ab45a00000,0x000000ab45b00000) (1024K)]
  0x000001faf1778690 WorkerThread "GC Thread#5"                     [id=2384, stack(0x000000ab45b00000,0x000000ab45c00000) (1024K)]
  0x000001faf1bfa570 WorkerThread "GC Thread#6"                     [id=25496, stack(0x000000ab45c00000,0x000000ab45d00000) (1024K)]
  0x000001faf1bfa920 WorkerThread "GC Thread#7"                     [id=24580, stack(0x000000ab45d00000,0x000000ab45e00000) (1024K)]
  0x000001fa8d21cde0 ConcurrentGCThread "G1 Main Marker"            [id=6880, stack(0x000000ab44300000,0x000000ab44400000) (1024K)]
  0x000001fa8d21edc0 WorkerThread "G1 Conc#0"                       [id=23096, stack(0x000000ab44400000,0x000000ab44500000) (1024K)]
  0x000001faf20f43c0 WorkerThread "G1 Conc#1"                       [id=21384, stack(0x000000ab45e00000,0x000000ab45f00000) (1024K)]
  0x000001faab3a0060 ConcurrentGCThread "G1 Refine#0"               [id=15264, stack(0x000000ab44500000,0x000000ab44600000) (1024K)]
  0x000001faab3a0a80 ConcurrentGCThread "G1 Service"                [id=1944, stack(0x000000ab44600000,0x000000ab44700000) (1024K)]
Total: 15

Threads with active compile tasks:
C2 CompilerThread0  5163644 7930       4       org.springframework.core.annotation.AnnotationsScanner::getDeclaredAnnotations (167 bytes)
Total: 1

VM state: not at safepoint (normal execution)

VM Mutex/Monitor currently owned by a thread: None

Heap address: 0x0000000083200000, size: 1998 MB, Compressed Oops mode: 32-bit

CDS archive(s) mapped at: [0x000001faac000000-0x000001faacc50000-0x000001faacc50000), size 12910592, SharedBaseAddress: 0x000001faac000000, ArchiveRelocationMode: 1.
Compressed class space mapped at: 0x000001faad000000-0x000001faed000000, reserved size: 1073741824
Narrow klass base: 0x000001faac000000, Narrow klass shift: 0, Narrow klass range: 0x41000000

GC Precious Log:
 CardTable entry size: 512
 Card Set container configuration: InlinePtr #cards 5 size 8 Array Of Cards #cards 12 size 40 Howl #buckets 4 coarsen threshold 1843 Howl Bitmap #cards 512 size 80 coarsen threshold 460 Card regions per heap region 1 cards per card region 2048
 CPUs: 8 total, 8 available
 Memory: 7984M
 Large Page Support: Disabled
 NUMA Support: Disabled
 Compressed Oops: Enabled (32-bit)
 Heap Region Size: 1M
 Heap Min Capacity: 8M
 Heap Initial Capacity: 126M
 Heap Max Capacity: 1998M
 Pre-touch: Disabled
 Parallel Workers: 8
 Concurrent Workers: 2
 Concurrent Refinement Workers: 8
 Periodic GC: Disabled

Heap:
 garbage-first heap   total reserved 2045952K, committed 58368K, used 46371K [0x0000000083200000, 0x0000000100000000)
  region size 1024K, 29 young (29696K), 1 survivors (1024K)
 Metaspace       used 39974K, committed 40704K, reserved 1114112K
  class space    used 4973K, committed 5248K, reserved 1048576K

Heap Regions: E=young(eden), S=young(survivor), O=old, HS=humongous(starts), HC=humongous(continues), CS=collection set, F=free, TAMS=top-at-mark-start, PB=parsable bottom
|   0|0x0000000083200000, 0x00000000832ffff0, 0x0000000083300000| 99%| O|  |TAMS 0x0000000083200000| PB 0x0000000083200000| Untracked |  0
|   1|0x0000000083300000, 0x00000000833ffff0, 0x0000000083400000| 99%| O|  |TAMS 0x0000000083300000| PB 0x0000000083300000| Untracked |  0
|   2|0x0000000083400000, 0x0000000083500000, 0x0000000083500000|100%| O|  |TAMS 0x0000000083400000| PB 0x0000000083400000| Untracked |  0
|   3|0x0000000083500000, 0x0000000083600000, 0x0000000083600000|100%| O|  |TAMS 0x0000000083500000| PB 0x0000000083500000| Untracked |  0
|   4|0x0000000083600000, 0x0000000083700000, 0x0000000083700000|100%| O|  |TAMS 0x0000000083600000| PB 0x0000000083600000| Untracked |  0
|   5|0x0000000083700000, 0x00000000837ffff8, 0x0000000083800000| 99%| O|  |TAMS 0x0000000083700000| PB 0x0000000083700000| Untracked |  0
|   6|0x0000000083800000, 0x00000000838ffff0, 0x0000000083900000| 99%| O|  |TAMS 0x0000000083800000| PB 0x0000000083800000| Untracked |  0
|   7|0x0000000083900000, 0x00000000839ff768, 0x0000000083a00000| 99%| O|  |TAMS 0x0000000083900000| PB 0x0000000083900000| Untracked |  0
|   8|0x0000000083a00000, 0x0000000083affff8, 0x0000000083b00000| 99%| O|  |TAMS 0x0000000083a00000| PB 0x0000000083a00000| Untracked |  0
|   9|0x0000000083b00000, 0x0000000083bfffe8, 0x0000000083c00000| 99%| O|  |TAMS 0x0000000083b00000| PB 0x0000000083b00000| Untracked |  0
|  10|0x0000000083c00000, 0x0000000083cfffd8, 0x0000000083d00000| 99%| O|  |TAMS 0x0000000083c00000| PB 0x0000000083c00000| Untracked |  0
|  11|0x0000000083d00000, 0x0000000083dffff8, 0x0000000083e00000| 99%| O|  |TAMS 0x0000000083d00000| PB 0x0000000083d00000| Untracked |  0
|  12|0x0000000083e00000, 0x0000000083ef9c50, 0x0000000083f00000| 97%| O|  |TAMS 0x0000000083e00000| PB 0x0000000083e00000| Untracked |  0
|  13|0x0000000083f00000, 0x0000000083ffff88, 0x0000000084000000| 99%| O|  |TAMS 0x0000000083f00000| PB 0x0000000083f00000| Untracked |  0
|  14|0x0000000084000000, 0x00000000840ced20, 0x0000000084100000| 80%| O|  |TAMS 0x0000000084000000| PB 0x0000000084000000| Untracked |  0
|  15|0x0000000084100000, 0x00000000841321c8, 0x0000000084200000| 19%| O|  |TAMS 0x0000000084100000| PB 0x0000000084100000| Untracked |  0
|  16|0x0000000084200000, 0x0000000084300000, 0x0000000084300000|100%| O|  |TAMS 0x0000000084200000| PB 0x0000000084200000| Untracked |  0
|  17|0x0000000084300000, 0x0000000084365ce0, 0x0000000084400000| 39%| O|  |TAMS 0x0000000084300000| PB 0x0000000084300000| Untracked |  0
|  18|0x0000000084400000, 0x0000000084500000, 0x0000000084500000|100%| O|  |TAMS 0x0000000084400000| PB 0x0000000084400000| Untracked |  0
|  19|0x0000000084500000, 0x00000000845bdf90, 0x0000000084600000| 74%| O|  |TAMS 0x0000000084500000| PB 0x0000000084500000| Untracked |  0
|  20|0x0000000084600000, 0x0000000084600000, 0x0000000084700000|  0%| F|  |TAMS 0x0000000084600000| PB 0x0000000084600000| Untracked |  0
|  21|0x0000000084700000, 0x0000000084700000, 0x0000000084800000|  0%| F|  |TAMS 0x0000000084700000| PB 0x0000000084700000| Untracked |  0
|  22|0x0000000084800000, 0x0000000084800000, 0x0000000084900000|  0%| F|  |TAMS 0x0000000084800000| PB 0x0000000084800000| Untracked |  0
|  23|0x0000000084900000, 0x0000000084900000, 0x0000000084a00000|  0%| F|  |TAMS 0x0000000084900000| PB 0x0000000084900000| Untracked |  0
|  24|0x0000000084a00000, 0x0000000084a00000, 0x0000000084b00000|  0%| F|  |TAMS 0x0000000084a00000| PB 0x0000000084a00000| Untracked |  0
|  25|0x0000000084b00000, 0x0000000084b2af20, 0x0000000084c00000| 16%| S|CS|TAMS 0x0000000084b00000| PB 0x0000000084b00000| Complete |  0
|  26|0x0000000084c00000, 0x0000000084c00000, 0x0000000084d00000|  0%| F|  |TAMS 0x0000000084c00000| PB 0x0000000084c00000| Untracked |  0
|  27|0x0000000084d00000, 0x0000000084d00000, 0x0000000084e00000|  0%| F|  |TAMS 0x0000000084d00000| PB 0x0000000084d00000| Untracked |  0
|  28|0x0000000084e00000, 0x0000000084e00000, 0x0000000084f00000|  0%| F|  |TAMS 0x0000000084e00000| PB 0x0000000084e00000| Untracked |  0
|  29|0x0000000084f00000, 0x0000000084f57518, 0x0000000085000000| 34%| E|  |TAMS 0x0000000084f00000| PB 0x0000000084f00000| Complete |  0
|  30|0x0000000085000000, 0x0000000085100000, 0x0000000085100000|100%| E|CS|TAMS 0x0000000085000000| PB 0x0000000085000000| Complete |  0
|  31|0x0000000085100000, 0x0000000085200000, 0x0000000085200000|100%| E|CS|TAMS 0x0000000085100000| PB 0x0000000085100000| Complete |  0
|  32|0x0000000085200000, 0x0000000085300000, 0x0000000085300000|100%| E|CS|TAMS 0x0000000085200000| PB 0x0000000085200000| Complete |  0
|  33|0x0000000085300000, 0x0000000085400000, 0x0000000085400000|100%| E|CS|TAMS 0x0000000085300000| PB 0x0000000085300000| Complete |  0
|  34|0x0000000085400000, 0x0000000085500000, 0x0000000085500000|100%| E|CS|TAMS 0x0000000085400000| PB 0x0000000085400000| Complete |  0
|  35|0x0000000085500000, 0x0000000085600000, 0x0000000085600000|100%| E|CS|TAMS 0x0000000085500000| PB 0x0000000085500000| Complete |  0
|  36|0x0000000085600000, 0x0000000085700000, 0x0000000085700000|100%| E|CS|TAMS 0x0000000085600000| PB 0x0000000085600000| Complete |  0
|  37|0x0000000085700000, 0x0000000085800000, 0x0000000085800000|100%| E|CS|TAMS 0x0000000085700000| PB 0x0000000085700000| Complete |  0
|  38|0x0000000085800000, 0x0000000085900000, 0x0000000085900000|100%| E|CS|TAMS 0x0000000085800000| PB 0x0000000085800000| Complete |  0
|  39|0x0000000085900000, 0x0000000085a00000, 0x0000000085a00000|100%| E|CS|TAMS 0x0000000085900000| PB 0x0000000085900000| Complete |  0
|  40|0x0000000085a00000, 0x0000000085b00000, 0x0000000085b00000|100%| E|CS|TAMS 0x0000000085a00000| PB 0x0000000085a00000| Complete |  0
|  41|0x0000000085b00000, 0x0000000085c00000, 0x0000000085c00000|100%| E|CS|TAMS 0x0000000085b00000| PB 0x0000000085b00000| Complete |  0
|  42|0x0000000085c00000, 0x0000000085d00000, 0x0000000085d00000|100%| E|CS|TAMS 0x0000000085c00000| PB 0x0000000085c00000| Complete |  0
|  43|0x0000000085d00000, 0x0000000085e00000, 0x0000000085e00000|100%| E|CS|TAMS 0x0000000085d00000| PB 0x0000000085d00000| Complete |  0
|  44|0x0000000085e00000, 0x0000000085f00000, 0x0000000085f00000|100%| E|CS|TAMS 0x0000000085e00000| PB 0x0000000085e00000| Complete |  0
|  45|0x0000000085f00000, 0x0000000086000000, 0x0000000086000000|100%| E|CS|TAMS 0x0000000085f00000| PB 0x0000000085f00000| Complete |  0
|  46|0x0000000086000000, 0x0000000086100000, 0x0000000086100000|100%| E|CS|TAMS 0x0000000086000000| PB 0x0000000086000000| Complete |  0
|  47|0x0000000086100000, 0x0000000086200000, 0x0000000086200000|100%| E|CS|TAMS 0x0000000086100000| PB 0x0000000086100000| Complete |  0
|  48|0x0000000086200000, 0x0000000086300000, 0x0000000086300000|100%| E|CS|TAMS 0x0000000086200000| PB 0x0000000086200000| Complete |  0
|  49|0x0000000086300000, 0x0000000086400000, 0x0000000086400000|100%| E|CS|TAMS 0x0000000086300000| PB 0x0000000086300000| Complete |  0
|  50|0x0000000086400000, 0x0000000086500000, 0x0000000086500000|100%| E|CS|TAMS 0x0000000086400000| PB 0x0000000086400000| Complete |  0
|  51|0x0000000086500000, 0x0000000086600000, 0x0000000086600000|100%| E|CS|TAMS 0x0000000086500000| PB 0x0000000086500000| Complete |  0
|  52|0x0000000086600000, 0x0000000086700000, 0x0000000086700000|100%| E|CS|TAMS 0x0000000086600000| PB 0x0000000086600000| Complete |  0
|  53|0x0000000086700000, 0x0000000086800000, 0x0000000086800000|100%| E|CS|TAMS 0x0000000086700000| PB 0x0000000086700000| Complete |  0
|  54|0x0000000086800000, 0x0000000086900000, 0x0000000086900000|100%| E|CS|TAMS 0x0000000086800000| PB 0x0000000086800000| Complete |  0
|  55|0x0000000086900000, 0x0000000086a00000, 0x0000000086a00000|100%| E|CS|TAMS 0x0000000086900000| PB 0x0000000086900000| Complete |  0
|  56|0x0000000086a00000, 0x0000000086b00000, 0x0000000086b00000|100%| E|CS|TAMS 0x0000000086a00000| PB 0x0000000086a00000| Complete |  0

Card table byte_map: [0x000001faa6b10000,0x000001faa6f00000] _byte_map_base: 0x000001faa66f7000

Marking Bits: (CMBitMap*) 0x000001fa8d20cb40
 Bits: [0x000001faa6f00000, 0x000001faa8e38000)

Polling page: 0x000001fa8d150000

Metaspace:

Usage:
  Non-class:     34.18 MB used.
      Class:      4.86 MB used.
       Both:     39.04 MB used.

Virtual space:
  Non-class space:       64.00 MB reserved,      34.62 MB ( 54%) committed,  1 nodes.
      Class space:        1.00 GB reserved,       5.12 MB ( <1%) committed,  1 nodes.
             Both:        1.06 GB reserved,      39.75 MB (  4%) committed. 

Chunk freelists:
   Non-Class:  13.17 MB
       Class:  10.76 MB
        Both:  23.93 MB

MaxMetaspaceSize: unlimited
CompressedClassSpaceSize: 1.00 GB
Initial GC threshold: 21.00 MB
Current GC threshold: 63.75 MB
CDS: on
 - commit_granule_bytes: 65536.
 - commit_granule_words: 8192.
 - virtual_space_node_default_size: 8388608.
 - enlarge_chunks_in_place: 1.
 - use_allocation_guard: 0.


Internal statistics:

num_allocs_failed_limit: 3.
num_arena_births: 948.
num_arena_deaths: 8.
num_vsnodes_births: 2.
num_vsnodes_deaths: 0.
num_space_committed: 636.
num_space_uncommitted: 0.
num_chunks_returned_to_freelist: 11.
num_chunks_taken_from_freelist: 2491.
num_chunk_merges: 3.
num_chunk_splits: 1627.
num_chunks_enlarged: 1124.
num_inconsistent_stats: 0.

CodeHeap 'non-profiled nmethods': size=120000Kb used=4258Kb max_used=4258Kb free=115741Kb
 bounds [0x000001fa9e780000, 0x000001fa9ebb0000, 0x000001faa5cb0000]
CodeHeap 'profiled nmethods': size=120000Kb used=13457Kb max_used=13457Kb free=106542Kb
 bounds [0x000001fa96cb0000, 0x000001fa979f0000, 0x000001fa9e1e0000]
CodeHeap 'non-nmethods': size=5760Kb used=1785Kb max_used=1825Kb free=3974Kb
 bounds [0x000001fa9e1e0000, 0x000001fa9e450000, 0x000001fa9e780000]
 total_blobs=6775 nmethods=6127 adapters=552
 compilation: enabled
              stopped_count=0, restarted_count=0
 full_count=0

Compilation events (20 events):
Event: 5033.754 Thread 0x000001faab51ba30 7924       3       org.springframework.util.StringUtils::toStringArray (18 bytes)
Event: 5033.759 Thread 0x000001faab51ba30 nmethod 7924 0x000001fa979dab10 code [0x000001fa979dada0, 0x000001fa979dbc20]
Event: 5033.766 Thread 0x000001faab51ba30 7926       1       tools.jackson.core.StreamWriteFeature::getMask (5 bytes)
Event: 5033.767 Thread 0x000001faab51ba30 nmethod 7926 0x000001fa9eba8110 code [0x000001fa9eba82a0, 0x000001fa9eba8368]
Event: 5033.768 Thread 0x000001faab51ba30 7927       3       jdk.internal.math.MathUtils::pow10 (6 bytes)
Event: 5033.768 Thread 0x000001faab51ba30 nmethod 7927 0x000001fa974b2390 code [0x000001fa974b2520, 0x000001fa974b2640]
Event: 5157.394 Thread 0x000001faab51ba30 7928       3       org.springframework.boot.devtools.filewatch.DirectorySnapshot::acceptChangedFile (23 bytes)
Event: 5158.270 Thread 0x000001faab51ba30 nmethod 7928 0x000001fa974a4290 code [0x000001fa974a4440, 0x000001fa974a46c8]
Event: 5159.050 Thread 0x000001faab51ba30 7929       3       java.util.regex.Matcher::match (154 bytes)
Event: 5159.394 Thread 0x000001faab51ba30 nmethod 7929 0x000001fa979dc010 code [0x000001fa979dc200, 0x000001fa979dc788]
Event: 5162.932 Thread 0x000001faab5176d0 7930       4       org.springframework.core.annotation.AnnotationsScanner::getDeclaredAnnotations (167 bytes)
Event: 5163.193 Thread 0x000001faab51ba30 7931       3       java.net.NetworkInterface::<init> (15 bytes)
Event: 5163.195 Thread 0x000001faab51ba30 nmethod 7931 0x000001fa972b0410 code [0x000001fa972b05a0, 0x000001fa972b0738]
Event: 5163.206 Thread 0x000001faab51ba30 7932       3       java.net.NetworkInterface$1::hasMoreElements (18 bytes)
Event: 5163.209 Thread 0x000001faab51ba30 nmethod 7932 0x000001fa97301990 code [0x000001fa97301b20, 0x000001fa97301c90]
Event: 5163.222 Thread 0x000001faab51ba30 7933       3       java.lang.Integer::toHexString (6 bytes)
Event: 5163.225 Thread 0x000001faab51ba30 nmethod 7933 0x000001fa974d9690 code [0x000001fa974d9840, 0x000001fa974d9960]
Event: 5163.225 Thread 0x000001faab51ba30 7934       3       java.lang.Integer::toUnsignedString0 (76 bytes)
Event: 5163.230 Thread 0x000001faab51ba30 nmethod 7934 0x000001fa979dc990 code [0x000001fa979dcb60, 0x000001fa979dcfd0]
Event: 5163.291 Thread 0x000001faab51ba30 7935       3       java.util.concurrent.locks.AbstractQueuedSynchronizer$ExclusiveNode::<init> (5 bytes)

GC Heap History (20 events):
Event: 1730.093 GC heap before
{Heap before GC invocations=19 (full 2):
 garbage-first heap   total reserved 2045952K, committed 65536K, used 27067K [0x0000000083200000, 0x0000000100000000)
  region size 1024K, 11 young (11264K), 4 survivors (4096K)
 Metaspace       used 38405K, committed 39168K, reserved 1114112K
  class space    used 4802K, committed 5120K, reserved 1048576K
}
Event: 1730.126 GC heap after
{Heap after GC invocations=20 (full 3):
 garbage-first heap   total reserved 2045952K, committed 58368K, used 15743K [0x0000000083200000, 0x0000000100000000)
  region size 1024K, 0 young (0K), 0 survivors (0K)
 Metaspace       used 38400K, committed 39168K, reserved 1114112K
  class space    used 4801K, committed 5120K, reserved 1048576K
}
Event: 1812.720 GC heap before
{Heap before GC invocations=20 (full 3):
 garbage-first heap   total reserved 2045952K, committed 58368K, used 47487K [0x0000000083200000, 0x0000000100000000)
  region size 1024K, 32 young (32768K), 0 survivors (0K)
 Metaspace       used 39120K, committed 39808K, reserved 1114112K
  class space    used 4874K, committed 5184K, reserved 1048576K
}
Event: 1812.724 GC heap after
{Heap after GC invocations=21 (full 3):
 garbage-first heap   total reserved 2045952K, committed 58368K, used 18795K [0x0000000083200000, 0x0000000100000000)
  region size 1024K, 3 young (3072K), 3 survivors (3072K)
 Metaspace       used 39120K, committed 39808K, reserved 1114112K
  class space    used 4874K, committed 5184K, reserved 1048576K
}
Event: 2123.296 GC heap before
{Heap before GC invocations=21 (full 3):
 garbage-first heap   total reserved 2045952K, committed 58368K, used 47467K [0x0000000083200000, 0x0000000100000000)
  region size 1024K, 32 young (32768K), 3 survivors (3072K)
 Metaspace       used 39909K, committed 40576K, reserved 1114112K
  class space    used 4972K, committed 5248K, reserved 1048576K
}
Event: 2123.306 GC heap after
{Heap after GC invocations=22 (full 3):
 garbage-first heap   total reserved 2045952K, committed 58368K, used 19093K [0x0000000083200000, 0x0000000100000000)
  region size 1024K, 1 young (1024K), 1 survivors (1024K)
 Metaspace       used 39909K, committed 40576K, reserved 1114112K
  class space    used 4972K, committed 5248K, reserved 1048576K
}
Event: 2498.745 GC heap before
{Heap before GC invocations=22 (full 3):
 garbage-first heap   total reserved 2045952K, committed 58368K, used 49813K [0x0000000083200000, 0x0000000100000000)
  region size 1024K, 31 young (31744K), 1 survivors (1024K)
 Metaspace       used 39909K, committed 40576K, reserved 1114112K
  class space    used 4972K, committed 5248K, reserved 1048576K
}
Event: 2498.770 GC heap after
{Heap after GC invocations=23 (full 3):
 garbage-first heap   total reserved 2045952K, committed 58368K, used 18829K [0x0000000083200000, 0x0000000100000000)
  region size 1024K, 1 young (1024K), 1 survivors (1024K)
 Metaspace       used 39909K, committed 40576K, reserved 1114112K
  class space    used 4972K, committed 5248K, reserved 1048576K
}
Event: 2887.381 GC heap before
{Heap before GC invocations=23 (full 3):
 garbage-first heap   total reserved 2045952K, committed 58368K, used 50573K [0x0000000083200000, 0x0000000100000000)
  region size 1024K, 32 young (32768K), 1 survivors (1024K)
 Metaspace       used 39925K, committed 40576K, reserved 1114112K
  class space    used 4972K, committed 5248K, reserved 1048576K
}
Event: 2887.396 GC heap after
{Heap after GC invocations=24 (full 3):
 garbage-first heap   total reserved 2045952K, committed 58368K, used 18747K [0x0000000083200000, 0x0000000100000000)
  region size 1024K, 1 young (1024K), 1 survivors (1024K)
 Metaspace       used 39925K, committed 40576K, reserved 1114112K
  class space    used 4972K, committed 5248K, reserved 1048576K
}
Event: 3277.910 GC heap before
{Heap before GC invocations=24 (full 3):
 garbage-first heap   total reserved 2045952K, committed 58368K, used 50491K [0x0000000083200000, 0x0000000100000000)
  region size 1024K, 32 young (32768K), 1 survivors (1024K)
 Metaspace       used 39929K, committed 40640K, reserved 1114112K
  class space    used 4972K, committed 5248K, reserved 1048576K
}
Event: 3278.372 GC heap after
{Heap after GC invocations=25 (full 3):
 garbage-first heap   total reserved 2045952K, committed 58368K, used 18733K [0x0000000083200000, 0x0000000100000000)
  region size 1024K, 1 young (1024K), 1 survivors (1024K)
 Metaspace       used 39929K, committed 40640K, reserved 1114112K
  class space    used 4972K, committed 5248K, reserved 1048576K
}
Event: 3669.020 GC heap before
{Heap before GC invocations=25 (full 3):
 garbage-first heap   total reserved 2045952K, committed 58368K, used 50477K [0x0000000083200000, 0x0000000100000000)
  region size 1024K, 32 young (32768K), 1 survivors (1024K)
 Metaspace       used 39929K, committed 40640K, reserved 1114112K
  class space    used 4972K, committed 5248K, reserved 1048576K
}
Event: 3669.073 GC heap after
{Heap after GC invocations=26 (full 3):
 garbage-first heap   total reserved 2045952K, committed 58368K, used 18736K [0x0000000083200000, 0x0000000100000000)
  region size 1024K, 1 young (1024K), 1 survivors (1024K)
 Metaspace       used 39929K, committed 40640K, reserved 1114112K
  class space    used 4972K, committed 5248K, reserved 1048576K
}
Event: 4058.778 GC heap before
{Heap before GC invocations=26 (full 3):
 garbage-first heap   total reserved 2045952K, committed 58368K, used 50480K [0x0000000083200000, 0x0000000100000000)
  region size 1024K, 32 young (32768K), 1 survivors (1024K)
 Metaspace       used 39930K, committed 40640K, reserved 1114112K
  class space    used 4972K, committed 5248K, reserved 1048576K
}
Event: 4059.324 GC heap after
{Heap after GC invocations=27 (full 3):
 garbage-first heap   total reserved 2045952K, committed 58368K, used 18735K [0x0000000083200000, 0x0000000100000000)
  region size 1024K, 1 young (1024K), 1 survivors (1024K)
 Metaspace       used 39930K, committed 40640K, reserved 1114112K
  class space    used 4972K, committed 5248K, reserved 1048576K
}
Event: 4442.235 GC heap before
{Heap before GC invocations=27 (full 3):
 garbage-first heap   total reserved 2045952K, committed 58368K, used 50479K [0x0000000083200000, 0x0000000100000000)
  region size 1024K, 32 young (32768K), 1 survivors (1024K)
 Metaspace       used 39945K, committed 40640K, reserved 1114112K
  class space    used 4972K, committed 5248K, reserved 1048576K
}
Event: 4442.304 GC heap after
{Heap after GC invocations=28 (full 3):
 garbage-first heap   total reserved 2045952K, committed 58368K, used 18713K [0x0000000083200000, 0x0000000100000000)
  region size 1024K, 1 young (1024K), 1 survivors (1024K)
 Metaspace       used 39945K, committed 40640K, reserved 1114112K
  class space    used 4972K, committed 5248K, reserved 1048576K
}
Event: 4830.191 GC heap before
{Heap before GC invocations=28 (full 3):
 garbage-first heap   total reserved 2045952K, committed 58368K, used 50457K [0x0000000083200000, 0x0000000100000000)
  region size 1024K, 32 young (32768K), 1 survivors (1024K)
 Metaspace       used 39946K, committed 40640K, reserved 1114112K
  class space    used 4972K, committed 5248K, reserved 1048576K
}
Event: 4830.382 GC heap after
{Heap after GC invocations=29 (full 3):
 garbage-first heap   total reserved 2045952K, committed 58368K, used 18723K [0x0000000083200000, 0x0000000100000000)
  region size 1024K, 1 young (1024K), 1 survivors (1024K)
 Metaspace       used 39946K, committed 40640K, reserved 1114112K
  class space    used 4972K, committed 5248K, reserved 1048576K
}

Dll operation events (11 events):
Event: 0.016 Loaded shared library C:\Users\Sabdali Geethma\.jdks\openjdk-22.0.1\bin\java.dll
Event: 0.070 Loaded shared library C:\Users\Sabdali Geethma\.jdks\openjdk-22.0.1\bin\jsvml.dll
Event: 0.128 Loaded shared library C:\Users\Sabdali Geethma\.jdks\openjdk-22.0.1\bin\net.dll
Event: 0.131 Loaded shared library C:\Users\Sabdali Geethma\.jdks\openjdk-22.0.1\bin\nio.dll
Event: 0.134 Loaded shared library C:\Users\Sabdali Geethma\.jdks\openjdk-22.0.1\bin\zip.dll
Event: 0.219 Loaded shared library C:\Users\Sabdali Geethma\.jdks\openjdk-22.0.1\bin\jimage.dll
Event: 0.540 Loaded shared library C:\Users\Sabdali Geethma\.jdks\openjdk-22.0.1\bin\management.dll
Event: 0.545 Loaded shared library C:\Users\Sabdali Geethma\.jdks\openjdk-22.0.1\bin\management_ext.dll
Event: 1.003 Loaded shared library C:\Users\Sabdali Geethma\.jdks\openjdk-22.0.1\bin\le.dll
Event: 1.632 Loaded shared library C:\Users\Sabdali Geethma\.jdks\openjdk-22.0.1\bin\sunmscapi.dll
Event: 3.656 Loaded shared library C:\Users\Sabdali Geethma\.jdks\openjdk-22.0.1\bin\extnet.dll

Deoptimization events (20 events):
Event: 4315.461 Thread 0x000001faf30e4510 Uncommon trap: trap_request=0xffffffd6 fr.pc=0x000001fa9eb96a14 relative=0x0000000000001454
Event: 4315.461 Thread 0x000001faf30e4510 Uncommon trap: reason=array_check action=maybe_recompile pc=0x000001fa9eb96a14 method=java.util.concurrent.ScheduledThreadPoolExecutor$DelayedWorkQueue.siftDown(ILjava/util/concurrent/RunnableScheduledFuture;)V @ 112 c2
Event: 4315.461 Thread 0x000001faf30e4510 DEOPT PACKING pc=0x000001fa9eb96a14 sp=0x000000ab461ff3a0
Event: 4315.462 Thread 0x000001faf30e4510 DEOPT UNPACKING pc=0x000001fa9e237da2 sp=0x000000ab461ff178 mode 2
Event: 4317.459 Thread 0x000001faf30e3160 Uncommon trap: trap_request=0xffffffd6 fr.pc=0x000001fa9eb96a14 relative=0x0000000000001454
Event: 4317.460 Thread 0x000001faf30e3160 Uncommon trap: reason=array_check action=maybe_recompile pc=0x000001fa9eb96a14 method=java.util.concurrent.ScheduledThreadPoolExecutor$DelayedWorkQueue.siftDown(ILjava/util/concurrent/RunnableScheduledFuture;)V @ 112 c2
Event: 4317.460 Thread 0x000001faf30e3160 DEOPT PACKING pc=0x000001fa9eb96a14 sp=0x000000ab460ff090
Event: 4317.460 Thread 0x000001faf30e3160 DEOPT UNPACKING pc=0x000001fa9e237da2 sp=0x000000ab460fee68 mode 2
Event: 5160.003 Thread 0x000001faf30e58c0 Uncommon trap: trap_request=0xffffff54 fr.pc=0x000001fa9e8d873c relative=0x000000000000047c
Event: 5160.087 Thread 0x000001faf30e58c0 Uncommon trap: reason=speculate_null_assert action=make_not_entrant pc=0x000001fa9e8d873c method=org.springframework.util.ConcurrentReferenceHashMap$Segment.restructureIfNecessary(Z)V @ 41 c2
Event: 5160.146 Thread 0x000001faf30e58c0 DEOPT PACKING pc=0x000001fa9e8d873c sp=0x000000ab463fea30
Event: 5160.181 Thread 0x000001faf30e58c0 DEOPT UNPACKING pc=0x000001fa9e237da2 sp=0x000000ab463fe868 mode 2
Event: 5162.914 Thread 0x000001faf2249ec0 Uncommon trap: trap_request=0xffffff54 fr.pc=0x000001fa9e978d44 relative=0x0000000000000dc4
Event: 5162.914 Thread 0x000001faf2249ec0 Uncommon trap: reason=speculate_null_assert action=make_not_entrant pc=0x000001fa9e978d44 method=org.springframework.util.ConcurrentReferenceHashMap$Segment.restructureIfNecessary(Z)V @ 41 c2
Event: 5162.914 Thread 0x000001faf2249ec0 DEOPT PACKING pc=0x000001fa9e978d44 sp=0x000000ab43ffe540
Event: 5162.916 Thread 0x000001faf2249ec0 DEOPT UNPACKING pc=0x000001fa9e237da2 sp=0x000000ab43ffe338 mode 2
Event: 5162.923 Thread 0x000001faf2249ec0 Uncommon trap: trap_request=0xffffff54 fr.pc=0x000001fa9e8d5768 relative=0x0000000000000188
Event: 5162.923 Thread 0x000001faf2249ec0 Uncommon trap: reason=speculate_null_assert action=make_not_entrant pc=0x000001fa9e8d5768 method=org.springframework.util.ConcurrentReferenceHashMap$Segment.restructureIfNecessary(Z)V @ 41 c2
Event: 5162.923 Thread 0x000001faf2249ec0 DEOPT PACKING pc=0x000001fa9e8d5768 sp=0x000000ab43ffe2d0
Event: 5162.925 Thread 0x000001faf2249ec0 DEOPT UNPACKING pc=0x000001fa9e237da2 sp=0x000000ab43ffe258 mode 2

Classes loaded (20 events):
Event: 1720.340 Loading class sun/reflect/misc/ReflectUtil
Event: 1720.340 Loading class sun/reflect/misc/ReflectUtil done
Event: 1720.340 Loading class jdk/internal/event/DeserializationEvent
Event: 1720.340 Loading class jdk/internal/event/DeserializationEvent done
Event: 1720.342 Loading class java/io/ObjectInputStream$FieldValues
Event: 1720.343 Loading class java/io/ObjectInputStream$GetField
Event: 1720.343 Loading class java/io/ObjectInputStream$GetField done
Event: 1720.343 Loading class java/io/ObjectInputStream$FieldValues done
Event: 1787.036 Loading class java/util/concurrent/locks/ReentrantReadWriteLock$Sync$HoldCounter
Event: 1787.036 Loading class java/util/concurrent/locks/ReentrantReadWriteLock$Sync$HoldCounter done
Event: 1787.056 Loading class java/util/stream/LongStream
Event: 1787.058 Loading class java/util/stream/LongStream done
Event: 1787.059 Loading class java/util/stream/DoubleStream
Event: 1787.059 Loading class java/util/stream/DoubleStream done
Event: 1787.070 Loading class org/w3c/dom/Node
Event: 1787.071 Loading class org/w3c/dom/Node done
Event: 1787.071 Loading class org/w3c/dom/Document
Event: 1787.071 Loading class org/w3c/dom/Document done
Event: 1895.050 Loading class java/io/PushbackInputStream
Event: 1895.051 Loading class java/io/PushbackInputStream done

Classes unloaded (4 events):
Event: 1719.607 Thread 0x000001faab4f0d50 Unloading class 0x000001faad4b0c00 'org/apache/catalina/loader/JdbcLeakPrevention'
Event: 1719.607 Thread 0x000001faab4f0d50 Unloading class 0x000001faad4a9000 'org/apache/catalina/loader/JdbcLeakPrevention'
Event: 1730.101 Thread 0x000001faab4f0d50 Unloading class 0x000001faad4a9000 'org/apache/catalina/loader/JdbcLeakPrevention'
Event: 1730.101 Thread 0x000001faab4f0d50 Unloading class 0x000001faad510800 'org/apache/catalina/loader/JdbcLeakPrevention'

Classes redefined (0 events):
No events

Internal exceptions (20 events):
Event: 1730.458 Thread 0x000001faf30e5230 Exception <a 'java/io/IOException'{0x00000000855c2bc0}> (0x00000000855c2bc0) 
thrown [s\open\src\hotspot\share\prims\jni.cpp, line 520]
Event: 1730.460 Thread 0x000001faf30e5230 Exception <a 'java/io/IOException'{0x0000000085304250}> (0x0000000085304250) 
thrown [s\open\src\hotspot\share\prims\jni.cpp, line 520]
Event: 1730.460 Thread 0x000001faf30e5230 Exception <a 'java/io/IOException'{0x0000000085304568}> (0x0000000085304568) 
thrown [s\open\src\hotspot\share\prims\jni.cpp, line 520]
Event: 1730.461 Thread 0x000001faf30e5230 Exception <a 'java/io/IOException'{0x000000008530ea00}> (0x000000008530ea00) 
thrown [s\open\src\hotspot\share\prims\jni.cpp, line 520]
Event: 1730.461 Thread 0x000001faf30e5230 Exception <a 'java/io/IOException'{0x000000008530efc8}> (0x000000008530efc8) 
thrown [s\open\src\hotspot\share\prims\jni.cpp, line 520]
Event: 1778.046 Thread 0x000001faf30e2440 Exception <a 'java/io/IOException'{0x00000000850d3708}> (0x00000000850d3708) 
thrown [s\open\src\hotspot\share\prims\jni.cpp, line 520]
Event: 1778.046 Thread 0x000001faf30e2440 Exception <a 'java/io/IOException'{0x00000000850d3cd0}> (0x00000000850d3cd0) 
thrown [s\open\src\hotspot\share\prims\jni.cpp, line 520]
Event: 1778.046 Thread 0x000001faf30e2440 Exception <a 'java/io/IOException'{0x00000000850d5900}> (0x00000000850d5900) 
thrown [s\open\src\hotspot\share\prims\jni.cpp, line 520]
Event: 1778.046 Thread 0x000001faf30e2440 Exception <a 'java/io/IOException'{0x00000000850d5ec8}> (0x00000000850d5ec8) 
thrown [s\open\src\hotspot\share\prims\jni.cpp, line 520]
Event: 1778.047 Thread 0x000001faf30e2440 Exception <a 'java/io/IOException'{0x00000000850df450}> (0x00000000850df450) 
thrown [s\open\src\hotspot\share\prims\jni.cpp, line 520]
Event: 1778.047 Thread 0x000001faf30e2440 Exception <a 'java/io/IOException'{0x00000000850dfa18}> (0x00000000850dfa18) 
thrown [s\open\src\hotspot\share\prims\jni.cpp, line 520]
Event: 1895.121 Thread 0x000001faf30e5f50 Exception <a 'java/lang/NoSuchMethodError'{0x00000000862c7398}: 'void java.lang.invoke.Invokers$Holder.invokeExact_MT(java.lang.Object, java.lang.Object, java.lang.Object, java.lang.Object)'> (0x00000000862c7398) 
thrown [s\open\src\hotspot\share\interpreter\linkResolver.cpp, line 774]
Event: 1895.124 Thread 0x000001faf30e5f50 Exception <a 'java/lang/NoSuchMethodError'{0x00000000862d6520}: 'void java.lang.invoke.DirectMethodHandle$Holder.invokeVirtual(java.lang.Object, java.lang.Object, double)'> (0x00000000862d6520) 
thrown [s\open\src\hotspot\share\interpreter\linkResolver.cpp, line 774]
Event: 1895.125 Thread 0x000001faf30e5f50 Exception <a 'java/lang/NoSuchMethodError'{0x00000000862dd728}: 'void java.lang.invoke.DelegatingMethodHandle$Holder.reinvoke_L(java.lang.Object, java.lang.Object, double)'> (0x00000000862dd728) 
thrown [s\open\src\hotspot\share\interpreter\linkResolver.cpp, line 774]
Event: 5162.746 Thread 0x000001faf30e58c0 Exception <a 'java/io/IOException'{0x000000008504c4d0}> (0x000000008504c4d0) 
thrown [s\open\src\hotspot\share\prims\jni.cpp, line 520]
Event: 5162.749 Thread 0x000001faf30e58c0 Exception <a 'java/io/IOException'{0x0000000084f00520}> (0x0000000084f00520) 
thrown [s\open\src\hotspot\share\prims\jni.cpp, line 520]
Event: 5163.071 Thread 0x000001faf2249ec0 Exception <a 'java/io/IOException'{0x0000000084f2a720}> (0x0000000084f2a720) 
thrown [s\open\src\hotspot\share\prims\jni.cpp, line 520]
Event: 5163.072 Thread 0x000001faf2249ec0 Exception <a 'java/io/IOException'{0x0000000084f2ace8}> (0x0000000084f2ace8) 
thrown [s\open\src\hotspot\share\prims\jni.cpp, line 520]
Event: 5163.264 Thread 0x000001faf22491a0 Exception <a 'java/io/IOException'{0x0000000084f3ab08}> (0x0000000084f3ab08) 
thrown [s\open\src\hotspot\share\prims\jni.cpp, line 520]
Event: 5163.264 Thread 0x000001faf22491a0 Exception <a 'java/io/IOException'{0x0000000084f3ae20}> (0x0000000084f3ae20) 
thrown [s\open\src\hotspot\share\prims\jni.cpp, line 520]

ZGC Phase Switch (0 events):
No events

VM Operations (20 events):
Event: 4431.093 Executing VM operation: Cleanup
Event: 4431.097 Executing VM operation: Cleanup done
Event: 4442.229 Executing VM operation: G1CollectForAllocation (G1 Evacuation Pause)
Event: 4442.304 Executing VM operation: G1CollectForAllocation (G1 Evacuation Pause) done
Event: 4830.086 Executing VM operation: G1CollectForAllocation (G1 Evacuation Pause)
Event: 4830.383 Executing VM operation: G1CollectForAllocation (G1 Evacuation Pause) done
Event: 5032.544 Executing VM operation: Cleanup
Event: 5032.544 Executing VM operation: Cleanup done
Event: 5050.817 Executing VM operation: HandshakeAllThreads (HandshakeForDeflation)
Event: 5050.817 Executing VM operation: HandshakeAllThreads (HandshakeForDeflation) done
Event: 5050.817 Executing VM operation: RendezvousGCThreads
Event: 5050.817 Executing VM operation: RendezvousGCThreads done
Event: 5111.075 Executing VM operation: HandshakeAllThreads (HandshakeForDeflation)
Event: 5111.195 Executing VM operation: HandshakeAllThreads (HandshakeForDeflation) done
Event: 5111.195 Executing VM operation: RendezvousGCThreads
Event: 5111.195 Executing VM operation: RendezvousGCThreads done
Event: 5160.999 Executing VM operation: Cleanup
Event: 5161.092 Executing VM operation: Cleanup done
Event: 5163.111 Executing VM operation: Cleanup
Event: 5163.157 Executing VM operation: Cleanup done

Events (20 events):
Event: 1730.444 Thread 0x000001faf30e5f50 Thread added: 0x000001faf30e5f50
Event: 1730.445 Thread 0x000001faf30e65e0 Thread added: 0x000001faf30e65e0
Event: 1730.446 Thread 0x000001faf30e6c70 Thread added: 0x000001faf30e6c70
Event: 1730.447 Thread 0x000001faf30e37f0 Thread added: 0x000001faf30e37f0
Event: 1730.448 Thread 0x000001faf30e7300 Thread added: 0x000001faf30e7300
Event: 1730.449 Thread 0x000001faf30e8020 Thread added: 0x000001faf30e8020
Event: 1730.451 Thread 0x000001faf30e86b0 Thread added: 0x000001faf30e86b0
Event: 1730.452 Thread 0x000001faf30e8d40 Thread added: 0x000001faf30e8d40
Event: 1730.453 Thread 0x000001faf2249830 Thread added: 0x000001faf2249830
Event: 1730.457 Thread 0x000001faf224b270 Thread added: 0x000001faf224b270
Event: 1730.458 Thread 0x000001faf2248b10 Thread added: 0x000001faf2248b10
Event: 1730.461 Thread 0x000001faf30e5230 Thread exited: 0x000001faf30e5230
Event: 1730.461 Thread 0x000001faf30e7990 Thread exited: 0x000001faf30e7990
Event: 1735.477 Thread 0x000001faf26e7010 Thread exited: 0x000001faf26e7010
Event: 5162.842 Thread 0x000001faf2249ec0 Thread added: 0x000001faf2249ec0
Event: 5162.852 Thread 0x000001faf30e58c0 Thread exited: 0x000001faf30e58c0
Event: 5163.077 Thread 0x000001faf22491a0 Thread added: 0x000001faf22491a0
Event: 5163.261 Thread 0x000001faf2248b10 Thread exited: 0x000001faf2248b10
Event: 5163.265 Thread 0x000001faf22491a0 Thread exited: 0x000001faf22491a0
Event: 5163.285 Thread 0x000001faf224b270 Thread exited: 0x000001faf224b270


Dynamic libraries:
0x00007ff7d3690000 - 0x00007ff7d369e000 	C:\Users\Sabdali Geethma\.jdks\openjdk-22.0.1\bin\java.exe
0x00007ffe3b720000 - 0x00007ffe3b987000 	C:\WINDOWS\SYSTEM32\ntdll.dll
0x00007ffdec7c0000 - 0x00007ffdec7e1000 	C:\Program Files\Avast Software\Avast\aswhook.dll
0x00007ffe3abc0000 - 0x00007ffe3ac8b000 	C:\WINDOWS\System32\KERNEL32.DLL
0x00007ffe38e40000 - 0x00007ffe39241000 	C:\WINDOWS\System32\KERNELBASE.dll
0x00007ffe38a90000 - 0x00007ffe38bdc000 	C:\WINDOWS\System32\ucrtbase.dll
0x00007ffe332b0000 - 0x00007ffe332c7000 	C:\Users\Sabdali Geethma\.jdks\openjdk-22.0.1\bin\jli.dll
0x00007ffe3b500000 - 0x00007ffe3b6d7000 	C:\WINDOWS\System32\USER32.dll
0x00007ffe38a60000 - 0x00007ffe38a87000 	C:\WINDOWS\System32\win32u.dll
0x00007ffe3a2a0000 - 0x00007ffe3a2cb000 	C:\WINDOWS\System32\GDI32.dll
0x00007ffe39250000 - 0x00007ffe39378000 	C:\WINDOWS\System32\gdi32full.dll
0x00007ffe38920000 - 0x00007ffe389c3000 	C:\WINDOWS\System32\msvcp_win.dll
0x00007ffe332d0000 - 0x00007ffe332eb000 	C:\Users\Sabdali Geethma\.jdks\openjdk-22.0.1\bin\VCRUNTIME140.dll
0x00007ffe22f30000 - 0x00007ffe231c0000 	C:\WINDOWS\WinSxS\amd64_microsoft.windows.common-controls_6595b64144ccf1df_6.0.26100.9549_none_3e0a0396e3330090\COMCTL32.dll
0x00007ffe39d60000 - 0x00007ffe39e09000 	C:\WINDOWS\System32\msvcrt.dll
0x00007ffe3a260000 - 0x00007ffe3a291000 	C:\WINDOWS\System32\IMM32.DLL
0x00007ffe332a0000 - 0x00007ffe332ac000 	C:\Users\Sabdali Geethma\.jdks\openjdk-22.0.1\bin\vcruntime140_1.dll
0x00007ffe24c90000 - 0x00007ffe24d1e000 	C:\Users\Sabdali Geethma\.jdks\openjdk-22.0.1\bin\msvcp140.dll
0x00007ffd95010000 - 0x00007ffd95d57000 	C:\Users\Sabdali Geethma\.jdks\openjdk-22.0.1\bin\server\jvm.dll
0x00007ffe3ae90000 - 0x00007ffe3af4b000 	C:\WINDOWS\System32\ADVAPI32.dll
0x00007ffe3ab10000 - 0x00007ffe3abb8000 	C:\WINDOWS\System32\sechost.dll
0x00007ffe3b3e0000 - 0x00007ffe3b4f8000 	C:\WINDOWS\System32\RPCRT4.dll
0x00007ffe39ad0000 - 0x00007ffe39b51000 	C:\WINDOWS\System32\WS2_32.dll
0x00007ffe38770000 - 0x00007ffe387ce000 	C:\WINDOWS\SYSTEM32\POWRPROF.dll
0x00007ffe23db0000 - 0x00007ffe23de7000 	C:\WINDOWS\SYSTEM32\WINMM.dll
0x00007ffe293c0000 - 0x00007ffe293cb000 	C:\WINDOWS\SYSTEM32\VERSION.dll
0x00007ffe38750000 - 0x00007ffe38765000 	C:\WINDOWS\SYSTEM32\UMPDC.dll
0x00007ffe375c0000 - 0x00007ffe375db000 	C:\WINDOWS\SYSTEM32\kernel.appcore.dll
0x00007ffe331d0000 - 0x00007ffe331da000 	C:\Users\Sabdali Geethma\.jdks\openjdk-22.0.1\bin\jimage.dll
0x00007ffe35960000 - 0x00007ffe35bac000 	C:\WINDOWS\SYSTEM32\DBGHELP.DLL
0x00007ffe39e10000 - 0x00007ffe3a19a000 	C:\WINDOWS\System32\combase.dll
0x00007ffe399f0000 - 0x00007ffe39ac9000 	C:\WINDOWS\System32\OLEAUT32.dll
0x00007ffe28f30000 - 0x00007ffe28f6b000 	C:\WINDOWS\SYSTEM32\dbgcore.DLL
0x00007ffe38bf0000 - 0x00007ffe38c9c000 	C:\WINDOWS\System32\bcryptPrimitives.dll
0x00007ffe24c70000 - 0x00007ffe24c8e000 	C:\Users\Sabdali Geethma\.jdks\openjdk-22.0.1\bin\java.dll
0x00007ffe3a320000 - 0x00007ffe3aabc000 	C:\WINDOWS\System32\SHELL32.dll
0x00007ffe39440000 - 0x00007ffe395da000 	C:\WINDOWS\System32\ole32.dll
0x00007ffe36380000 - 0x00007ffe36c2d000 	C:\WINDOWS\SYSTEM32\windows.storage.dll
0x00007ffe397d0000 - 0x00007ffe398c9000 	C:\WINDOWS\System32\SHCORE.dll
0x00007ffe3ae20000 - 0x00007ffe3ae86000 	C:\WINDOWS\System32\shlwapi.dll
0x00007ffe38830000 - 0x00007ffe38859000 	C:\WINDOWS\SYSTEM32\profapi.dll
0x00007ffe1b820000 - 0x00007ffe1b8f7000 	C:\Users\Sabdali Geethma\.jdks\openjdk-22.0.1\bin\jsvml.dll
0x00007ffe2a160000 - 0x00007ffe2a170000 	C:\Users\Sabdali Geethma\.jdks\openjdk-22.0.1\bin\net.dll
0x00007ffe37b80000 - 0x00007ffe37bec000 	C:\WINDOWS\system32\mswsock.dll
0x00007ffe24c30000 - 0x00007ffe24c46000 	C:\Users\Sabdali Geethma\.jdks\openjdk-22.0.1\bin\nio.dll
0x00007ffe24c50000 - 0x00007ffe24c67000 	C:\Users\Sabdali Geethma\.jdks\openjdk-22.0.1\bin\zip.dll
0x00007ffe24dc0000 - 0x00007ffe24dca000 	C:\Users\Sabdali Geethma\.jdks\openjdk-22.0.1\bin\management.dll
0x00007ffe24db0000 - 0x00007ffe24dbb000 	C:\Users\Sabdali Geethma\.jdks\openjdk-22.0.1\bin\management_ext.dll
0x00007ffe397c0000 - 0x00007ffe397c8000 	C:\WINDOWS\System32\PSAPI.DLL
0x00007ffe24da0000 - 0x00007ffe24dab000 	C:\Users\Sabdali Geethma\.jdks\openjdk-22.0.1\bin\le.dll
0x00007ffe24d90000 - 0x00007ffe24d9e000 	C:\Users\Sabdali Geethma\.jdks\openjdk-22.0.1\bin\sunmscapi.dll
0x00007ffe38cb0000 - 0x00007ffe38e2f000 	C:\WINDOWS\System32\CRYPT32.dll
0x00007ffe380d0000 - 0x00007ffe38100000 	C:\WINDOWS\SYSTEM32\ncrypt.dll
0x00007ffe38080000 - 0x00007ffe380bf000 	C:\WINDOWS\SYSTEM32\NTASN1.dll
0x00007ffe37e70000 - 0x00007ffe37e8b000 	C:\WINDOWS\SYSTEM32\CRYPTSP.dll
0x00007ffe37520000 - 0x00007ffe37559000 	C:\WINDOWS\system32\rsaenh.dll
0x00007ffe37c30000 - 0x00007ffe37c64000 	C:\WINDOWS\SYSTEM32\USERENV.dll
0x00007ffe38800000 - 0x00007ffe3882a000 	C:\WINDOWS\SYSTEM32\bcrypt.dll
0x00007ffe37e90000 - 0x00007ffe37e9c000 	C:\WINDOWS\SYSTEM32\CRYPTBASE.dll
0x00007ffe370e0000 - 0x00007ffe37113000 	C:\WINDOWS\SYSTEM32\IPHLPAPI.DLL
0x00007ffe3adb0000 - 0x00007ffe3adba000 	C:\WINDOWS\System32\NSI.dll
0x00007ffe24c00000 - 0x00007ffe24c09000 	C:\Users\Sabdali Geethma\.jdks\openjdk-22.0.1\bin\extnet.dll
0x00007ffe22a90000 - 0x00007ffe22a98000 	C:\WINDOWS\system32\wshunix.dll

dbghelp: loaded successfully - version: 4.0.5 - missing functions: none
symbol engine: initialized successfully - sym options: 0x614 - pdb path: .;C:\Users\Sabdali Geethma\.jdks\openjdk-22.0.1\bin;C:\WINDOWS\SYSTEM32;C:\Program Files\Avast Software\Avast;C:\WINDOWS\WinSxS\amd64_microsoft.windows.common-controls_6595b64144ccf1df_6.0.26100.9549_none_3e0a0396e3330090;C:\Users\Sabdali Geethma\.jdks\openjdk-22.0.1\bin\server

VM Arguments:
java_command: com.bookstore.BookstoreApplication
java_class_path (initial): D:\OOP_Project\bookstore\bookstore\target\classes;C:\Users\Sabdali Geethma\.m2\repository\org\springframework\boot\spring-boot-starter-thymeleaf\4.1.1\spring-boot-starter-thymeleaf-4.1.1.jar;C:\Users\Sabdali Geethma\.m2\repository\org\springframework\boot\spring-boot-starter\4.1.1\spring-boot-starter-4.1.1.jar;C:\Users\Sabdali Geethma\.m2\repository\org\springframework\boot\spring-boot-starter-logging\4.1.1\spring-boot-starter-logging-4.1.1.jar;C:\Users\Sabdali Geethma\.m2\repository\ch\qos\logback\logback-classic\1.5.38\logback-classic-1.5.38.jar;C:\Users\Sabdali Geethma\.m2\repository\ch\qos\logback\logback-core\1.5.38\logback-core-1.5.38.jar;C:\Users\Sabdali Geethma\.m2\repository\org\apache\logging\log4j\log4j-to-slf4j\2.25.5\log4j-to-slf4j-2.25.5.jar;C:\Users\Sabdali Geethma\.m2\repository\org\apache\logging\log4j\log4j-api\2.25.5\log4j-api-2.25.5.jar;C:\Users\Sabdali Geethma\.m2\repository\org\slf4j\jul-to-slf4j\2.0.18\jul-to-slf4j-2.0.18.jar;C:\Users\Sabdali Geethma\.m2\repository\jakarta\annotation\jakarta.annotation-api\3.0.0\jakarta.annotation-api-3.0.0.jar;C:\Users\Sabdali Geethma\.m2\repository\org\yaml\snakeyaml\2.6\snakeyaml-2.6.jar;C:\Users\Sabdali Geethma\.m2\repository\org\springframework\boot\spring-boot-thymeleaf\4.1.1\spring-boot-thymeleaf-4.1.1.jar;C:\Users\Sabdali Geethma\.m2\repository\org\thymeleaf\thymeleaf-spring6\3.1.5.RELEASE\thymeleaf-spring6-3.1.5.RELEASE.jar;C:\Users\Sabdali Geethma\.m2\repository\org\thymeleaf\thymeleaf\3.1.5.RELEASE\thymeleaf-3.1.5.RELEASE.jar;C:\Users\Sabdali Geethma\.m2\repository\org\attoparser\attoparser\2.0.7.RELEASE\attoparser-2.0.7.RELEASE.jar;C:\Users\Sabdali Geethma\.m2\repository\org\unbescape\unbescape\1.1.6.RELEASE\unbescape-1.1.6.RELEASE.jar;C:\Users\Sabdali Geethma\.m2\repository\org\slf4j\slf4j-api\2.0.18\slf4j-api-2.0.18.jar;C:\Users\Sabdali Geethma\.m2\repository\org\springframework\spring-web\7.0.9\spring-web-7.0.9.jar;C:\Users\Sabdali Geethma\.m2\repository\org\springframework\spring-beans\7.0.9\spring-beans-7.0.9.jar;C:\Users\Sabdali Geethma\.m2\repository\io\micrometer\micrometer-observation\1.17.1\micrometer-observation-1.17.1.jar;C:\Users\Sabdali Geethma\.m2\repository\io\micrometer\micrometer-commons\1.17.1\micrometer-commons-1.17.1.jar;C:\Users\Sabdali Geethma\.m2\repository\org\springframework\boot\spring-boot-starter-webmvc\4.1.1\spring-boot-starter-webmvc-4.1.1.jar;C:\Users\Sabdali Geethma\.m2\repository\org\springframework\boot\spring-boot-starter-jackson\4.1.1\spring-boot-starter-jackson-4.1.1.jar;C:\Users\Sabdali Geethma\.m2\repository\org\springframework\boot\spring-boot-jackson\4.1.1\spring-boot-jackson-4.1.1.jar;C:\Users\Sabdali Geethma\.m2\repository\tools\jackson\core\jackson-databind\3.1.5\jackson-databind-3.1.5.jar;C:\Users\Sabdali Geethma\.m2\repository\com\fasterxml\jackson\core\jackson-annotations\2.21\jackson-annotations-2.21.jar;C:\Users\Sabdali Geethma\.m2\repository\tools\jackson\core\jackson-core\3.1.5\jackson-core-3.1.5.jar;C:\Users\Sabdali Geethma\.m2\repository\org\springframework\boot\spring-boot-starter-tomcat\4.1.1\spring-boot-starter-tomcat-4.1.1.jar;C:\Users\Sabdali Geethma\.m2\repository\org\springframework\boot\spring-boot-starter-tomcat-runtime\4.1.1\spring-boot-starter-tomcat-runtime-4.1.1.jar;C:\Users\Sabdali Geethma\.m2\repository\org\apache\tomcat\embed\tomcat-embed-core\11.0.24\tomcat-embed-core-11.0.24.jar;C:\Users\Sabdali Geethma\.m2\repository\org\apache\tomcat\embed\tomcat-embed-el\11.0.24\tomcat-embed-el-11.0.24.jar;C:\Users\Sabdali Geethma\.m2\repository\org\apache\tomcat\embed\tomcat-embed-websocket\11.0.24\tomcat-embed-websocket-11.0.24.jar;C:\Users\Sabdali Geethma\.m2\repository\org\springframework\boot\spring-boot-tomcat\4.1.1\spring-boot-tomcat-4.1.1.jar;C:\Users\Sabdali Geethma\.m2\repository\org\springframework\boot\spring-boot-http-converter\4.1.1\spring-boot-http-converter-4.1.1.jar;C:\Users\Sabdali Geethma\.m2\repository\org\springframework\boot\spring-boot-webmvc\4.1.1\spring-boot-webmvc-4.1.1.jar;C:\Users\Sabdali Geethma\.m2\repository\org\springframework\boot\spring-boot-servlet\4.1.1\spring-boot-servlet-4.1.1.jar;C:\Users\Sabdali Geethma\.m2\repository\org\springframework\spring-webmvc\7.0.9\spring-webmvc-7.0.9.jar;C:\Users\Sabdali Geethma\.m2\repository\org\springframework\spring-aop\7.0.9\spring-aop-7.0.9.jar;C:\Users\Sabdali Geethma\.m2\repository\org\springframework\spring-expression\7.0.9\spring-expression-7.0.9.jar;C:\Users\Sabdali Geethma\.m2\repository\org\springframework\boot\spring-boot-devtools\4.1.1\spring-boot-devtools-4.1.1.jar;C:\Users\Sabdali Geethma\.m2\repository\org\springframework\boot\spring-boot\4.1.1\spring-boot-4.1.1.jar;C:\Users\Sabdali Geethma\.m2\repository\org\springframework\spring-core\7.0.9\spring-core-7.0.9.jar;C:\Users\Sabdali Geethma\.m2\repository\commons-logging\commons-logging\1.3.6\commons-logging-1.3.6.jar;C:\Users\Sabdali Geethma\.m2\repository\org\jspecify\jspecify\1.0.1\jspecify-1.0.1.jar;C:\Users\Sabdali Geethma\.m2\repository\org\springframework\spring-context\7.0.9\spring-context-7.0.9.jar;C:\Users\Sabdali Geethma\.m2\repository\org\springframework\boot\spring-boot-autoconfigure\4.1.1\spring-boot-autoconfigure-4.1.1.jar;C:\Users\Sabdali Geethma\.m2\repository\org\springframework\boot\spring-boot-web-server\4.1.1\spring-boot-web-server-4.1.1.jar
Launcher Type: SUN_STANDARD

[Global flags]
     intx CICompilerCount                          = 4                                         {product} {ergonomic}
     uint ConcGCThreads                            = 2                                         {product} {ergonomic}
     uint G1ConcRefinementThreads                  = 8                                         {product} {ergonomic}
   size_t G1HeapRegionSize                         = 1048576                                   {product} {ergonomic}
   size_t InitialHeapSize                          = 132120576                                 {product} {ergonomic}
   size_t MarkStackSize                            = 4194304                                   {product} {ergonomic}
   size_t MaxHeapSize                              = 2095054848                                {product} {ergonomic}
   size_t MaxNewSize                               = 1256194048                                {product} {ergonomic}
   size_t MinHeapDeltaBytes                        = 1048576                                   {product} {ergonomic}
   size_t MinHeapSize                              = 8388608                                   {product} {ergonomic}
    uintx NonNMethodCodeHeapSize                   = 5839372                                {pd product} {ergonomic}
    uintx NonProfiledCodeHeapSize                  = 122909434                              {pd product} {ergonomic}
    uintx ProfiledCodeHeapSize                     = 122909434                              {pd product} {ergonomic}
    uintx ReservedCodeCacheSize                    = 251658240                              {pd product} {ergonomic}
     bool SegmentedCodeCache                       = true                                      {product} {ergonomic}
   size_t SoftMaxHeapSize                          = 2095054848                             {manageable} {ergonomic}
     bool UseCompressedOops                        = true                           {product lp64_product} {ergonomic}
     bool UseG1GC                                  = true                                      {product} {ergonomic}
     bool UseLargePagesIndividualAllocation        = false                                  {pd product} {ergonomic}

Logging:
Log output configuration:
 #0: stdout all=warning uptime,level,tags foldmultilines=false
 #1: stderr all=off uptime,level,tags foldmultilines=false

Environment Variables:
PATH=C:\Program Files (x86)\VMware\VMware Workstation\bin\;C:\Program Files\Common Files\Oracle\Java\javapath;C:\Program Files (x86)\Common Files\Oracle\Java\javapath;C:\WINDOWS\system32;C:\WINDOWS;C:\WINDOWS\System32\Wbem;C:\WINDOWS\System32\WindowsPowerShell\v1.0\;C:\WINDOWS\System32\OpenSSH\;C:\Program Files\Microsoft SQL Server\Client SDK\ODBC\170\Tools\Binn\;C:\Program Files (x86)\Microsoft SQL Server\150\Tools\Binn\;C:\Program Files\Microsoft SQL Server\150\Tools\Binn\;C:\Program Files\Microsoft SQL Server\150\DTS\Binn\;C:\Program Files (x86)\Microsoft SQL Server\150\DTS\Binn\;C:\Program Files\Azure Data Studio\bin;C:\Program Files\Git\cmd;C:\Program Files\nodejs\;C:\Program Files (x86)\Windows Kits\10\Windows Performance Toolkit\;C:\Users\Sabdali Geethma\AppData\Local\Programs\Python\Python314\Scripts\;C:\Users\Sabdali Geethma\AppData\Local\Programs\Python\Python314\;C:\Users\Sabdali Geethma\AppData\Local\Programs\Python\Python37\Scripts;C:\Users\Sabdali Geethma\AppData\Local\Programs\Microsoft VS Code\bin;C:\Users\Sabdali Geethma\AppData\Local\Microsoft\WindowsApps;C:\Users\Sabdali Geethma\AppData\Local\GitHubDesktop\bin;C:\flutterSDK\src\flutter\bin;C:\Android\sdk\platform-tools;C:\Users\Sabdali Geethma\AppData\Roaming\npm;C:\Users\Sabdali Geethma\AppData\Local\Programs\cursor\resources\app\bin;
USERNAME=Sabdali Geethma
OS=Windows_NT
PROCESSOR_IDENTIFIER=Intel64 Family 6 Model 140 Stepping 1, GenuineIntel
TMP=C:\Users\SABDAL~1\AppData\Local\Temp
TEMP=C:\Users\SABDAL~1\AppData\Local\Temp




Periodic native trim disabled

---------------  S Y S T E M  ---------------

OS:
 Windows 11 , 64 bit Build 26100 (10.0.26100.9549)
OS uptime: 0 days 1:51 hours

CPU: total 8 (initial active 8) (4 cores per cpu, 2 threads per core) family 6 model 140 stepping 1 microcode 0x9a, cx8, cmov, fxsr, ht, mmx, 3dnowpref, sse, sse2, sse3, ssse3, sse4.1, sse4.2, popcnt, lzcnt, tsc, tscinvbit, avx, avx2, aes, erms, clmul, bmi1, bmi2, adx, avx512f, avx512dq, avx512cd, avx512bw, avx512vl, sha, fma, vzeroupper, avx512_vpopcntdq, avx512_vpclmulqdq, avx512_vaes, avx512_vnni, clflush, clflushopt, clwb, avx512_vbmi2, avx512_vbmi, rdtscp, rdpid, fsrm, gfni, avx512_bitalg, f16c, pku, cet_ibt, cet_ss, avx512_ifma
Processor Information for all 8 processors :
  Max Mhz: 2419, Current Mhz: 2419, Mhz Limit: 2419

Memory: 4k page, system-wide physical 7984M (377M free)
TotalPageFile size 32560M (AvailPageFile size 26M)
current process WorkingSet (physical memory assigned to process): 42M, peak: 197M
current process commit charge ("private bytes"): 220M, peak: 287M

vm_info: OpenJDK 64-Bit Server VM (22.0.1+8-16) for windows-amd64 JRE (22.0.1+8-16), built on 2024-03-12T10:33:16Z by "mach5one" with MS VC++ 17.6 (VS2022)

END.
